
IEEE 695 OMF Linker Version 6.03 (05021601)
Copyright (C) 1999-2004 ZiLOG, Inc. All Rights Reserved

LINK MAP:

DATE:      Tue Jun 18 13:56:32 2013
PROCESSOR: assembler
FILES:     C:\PROGRA~1\ZiLOG\ZDSII_~1.3\lib\zilog\startupL.obj
           .\zsldevinit.obj
           .\time.obj             .\ansi.obj             .\LED.obj              
           .\lut.obj              .\main.obj             .\math.obj             
           .\reflexball.obj
           C:\PROGRA~1\ZiLOG\ZDSII_~1.3\lib\std\crtrevaaLDD.lib
           C:\PROGRA~1\ZiLOG\ZDSII_~1.3\lib\std\fpdumyL.obj
           C:\PROGRA~1\ZiLOG\ZDSII_~1.3\lib\zilog\zslLYD.lib
           


COMMAND LIST:
=============
/* Linker Command File - ReflexBall Debug */

/* compiler options */
/* -alias -asm -bitfieldsize:32 -charsize:8 -const:RAM -debug */
/* -define:_Z8F6403 -define:_Z8ENCORE_640_FAMILY */
/* -define:_Z8ENCORE_F640X -define:_MODEL_LARGE -doublesize:32 */
/* -NOexpmac -floatsize:32 -NOfplib -genprintf -NOglobalcopy */
/* -NOglobalcse -NOglobalfold -intrinsic -intsize:16 -intsrc */
/* -NOjmpopt -NOkeepasm -NOkeeplst -NOlist -NOlistinc -localcopy */
/* -localcse -localfold -longsize:32 -NOloopopt -maxerrs:50 -model:L */
/* -NOoptlink -optsize -peephole -NOpromote -quiet -regvar -revaa */
/* -NOsdiopt -shortsize:16 */
/* -stdinc:"C:\PROGRA~1\ZiLOG\ZDSII_~1.3\include\std;C:\PROGRA~1\ZiLOG\ZDSII_~1.3\include\zilog;C:\PROGRA~1\ZiLOG\ZDSII_~1.3\include\zilog\Z8Encore_F640X" */
/* -strict -NOwatch -cpu:Z8F6403 */
/* -asmsw:" -cpu:Z8F6403 -define:_Z8F6403=1 -define:_Z8ENCORE_640_FAMILY=1 -define:_Z8ENCORE_F640X=1 -define:_MODEL_LARGE=1 -include:C:\PROGRA~1\ZiLOG\ZDSII_~1.3\include\std;C:\PROGRA~1\ZiLOG\ZDSII_~1.3\include\zilog;C:\PROGRA~1\ZiLOG\ZDSII_~1.3\include\zilog\Z8Encore_F640X -revaa" */

/* assembler options */
/* -debug -define:_Z8F6403=1 -define:_Z8ENCORE_640_FAMILY=1 */
/* -define:_Z8ENCORE_F640X=1 -define:_MODEL_LARGE=1 -genobj */
/* -NOigcase */
/* -include:"C:\PROGRA~1\ZiLOG\ZDSII_~1.3\include\std;C:\PROGRA~1\ZiLOG\ZDSII_~1.3\include\zilog;C:\PROGRA~1\ZiLOG\ZDSII_~1.3\include\zilog\Z8Encore_F640X" */
/* -list -NOlistmac -name -pagelen:56 -pagewidth:80 -quiet -sdiopt */
/* -warn -NOzmasm -revaa -cpu:Z8F6403 */

-FORMAT=OMF695
-NOigcase -map -quiet -warn -NOwarnoverlap -NOxref

RANGE ROM $0 : $FFFF
RANGE RDATA $20 : $FF
RANGE EDATA $100 : $EFF

CHANGE TEXT=EDATA
CHANGE TEXT=FAR_DATA
change NEAR_TXT=NEAR_DATA
change FAR_TXT=FAR_DATA
ORDER FAR_BSS, FAR_DATA
ORDER NEAR_BSS,NEAR_DATA
COPY NEAR_DATA ROM
COPY FAR_DATA ROM

define _low_near_romdata = copy base of NEAR_DATA
define _low_neardata = base of NEAR_DATA
define _len_neardata = length of NEAR_DATA
define _low_far_romdata = copy base of FAR_DATA
define _low_fardata = base of FAR_DATA
define _len_fardata = length of FAR_DATA
define _low_nearbss = base of NEAR_BSS
define _len_nearbss = length of NEAR_BSS
define _low_farbss = base of FAR_BSS
define _len_farbss = length of FAR_BSS
define _far_heaptop = highaddr of EDATA
define _far_stack = highaddr of EDATA
define _near_stack = highaddr of RDATA
define _far_heapbot = top of EDATA
define _near_heaptop = highaddr of RDATA
define _near_heapbot = top of RDATA

define _zsl_g_clock_xdefine = 18432000

/* Set frequency to 18432000 Hz */
define __user_frequency = 18432000

"L:\PHQFBI~D\ROIZBJ~K\ReflexBall"=  C:\PROGRA~1\ZiLOG\ZDSII_~1.3\lib\zilog\startupL.obj,  .\zsldevinit.obj,  .\time.obj,  .\ansi.obj,  .\LED.obj,  .\lut.obj,  .\main.obj,  .\math.obj,  .\reflexball.obj,  C:\PROGRA~1\ZiLOG\ZDSII_~1.3\lib\std\crtrevaaLDD.lib,  C:\PROGRA~1\ZiLOG\ZDSII_~1.3\lib\std\fpdumyL.obj,  C:\PROGRA~1\ZiLOG\ZDSII_~1.3\lib\zilog\zslLYD.lib


SEGMENT OVERLAYS:
=================

Name                                     Base        Top       Length
------------------------------------ ----------- ----------- ----------
Section: __VECTORS                        C:0000      C:000A         bh

SPACE ALLOCATION:
=================

Space              Base        Top         Size
------------------ ----------- ----------- ---------
EDATA                   E:0100      E:0C9B      b9ch
RDATA                     R:E0        R:EF       10h
ROM                     C:0000      C:4133     4134h


SEGMENTS WITHIN SPACE:
======================

EDATA              Type                Base        Top         Size
------------------ ------------------- ----------- ----------- ---------
FAR_BSS            normal data              E:0100      E:05F3      4f4h
FAR_DATA           normal data              E:05F4      E:0C9B      6a8h


RDATA              Type                Base        Top         Size
------------------ ------------------- ----------- ----------- ---------
workingreg         absolute data              R:E0        R:EF       10h


ROM                Type                Base        Top         Size
------------------ ------------------- ----------- ----------- ---------
__VECTORS          absolute data            C:0000      C:0037       38h
_sputch_TEXT       normal data              C:35AC      C:35DA       2fh
_uputch_TEXT       normal data              C:357D      C:3595       19h
abs_TEXT           normal data              C:37F7      C:3834       3eh
aduart0_TEXT       normal data              C:390A      C:3974       6bh
ansi_TEXT          normal data              C:06B5      C:0F5D      8a9h
CODE               normal data              C:0038      C:028A      253h
FAR_DATA           * segment copy *         C:3A8C      C:4133      6a8h
getch_TEXT         normal data              C:3063      C:30FA       98h
getfreq_TEXT       normal data              C:304C      C:3062       17h
kbhit_TEXT         normal data              C:379D      C:37A9        dh
led_TEXT           normal data              C:0F5E      C:130D      3b0h
lexball_TEXT       normal data              C:1942      C:2D95     1454h
main_TEXT          normal data              C:130E      C:13EC       dfh
math_TEXT          normal data              C:13ED      C:1941      555h
mstring_TEXT       normal data              C:37AA      C:37F6       4dh
nt_send_TEXT       normal data              C:2E78      C:304B      1d4h
putch_TEXT         normal data              C:3975      C:39D1       5dh
reverse_TEXT       normal data              C:3835      C:3909       d5h
ROM_TEXT           normal data              C:028B      C:02F3       69h
sio_TEXT           normal data              C:2D96      C:2E77       e2h
startup            normal data              C:02F4      C:0364       71h
strlen_TEXT        normal data              C:3514      C:3555       42h
t_putch_TEXT       normal data              C:3596      C:35AB       16h
teuart0_TEXT       normal data              C:39D2      C:3A8B       bah
time_TEXT          normal data              C:0365      C:06B4      350h
tstring_TEXT       normal data              C:35DB      C:379C      1c2h
ultoa_TEXT         normal data              C:30FB      C:3513      419h
ustoa_TEXT         normal data              C:3556      C:357C       27h

SEGMENTS WITHIN MODULES:
========================

Module: ..\..\src\boot\common\startupl.asm (File: startupL.obj) Version: 1:0 02/23/2005 13:22:37

    Name                                        Base        Top      Size
    --------------------------------------- ----------- ----------- ---------
    Segment: __VECTORS                           C:0000      C:0037       38h
    Segment: FAR_BSS                             E:0100      E:0101        2h
    Segment: FAR_DATA                            E:05F4      E:05F4        1h
    Segment: startup                             C:02F4      C:0364       71h
    Segment: workingreg                            R:E0        R:EF       10h


Module: ..\UART\COMMON\GETCH.C (Library: zslLYD.lib) Version: 1:0 02/23/2005 13:32:41

    Name                                        Base        Top      Size
    --------------------------------------- ----------- ----------- ---------
    Segment: getch_TEXT                          C:3063      C:30FA       98h


Module: ..\UART\COMMON\KBHIT.C (Library: zslLYD.lib) Version: 1:0 02/23/2005 13:32:41

    Name                                        Base        Top      Size
    --------------------------------------- ----------- ----------- ---------
    Segment: kbhit_TEXT                          C:379D      C:37A9        dh


Module: ..\UART\COMMON\PUTCH.C (Library: zslLYD.lib) Version: 1:0 02/23/2005 13:32:42

    Name                                        Base        Top      Size
    --------------------------------------- ----------- ----------- ---------
    Segment: putch_TEXT                          C:3975      C:39D1       5dh


Module: ..\UART\COMMON\READUART0.C (Library: zslLYD.lib) Version: 1:0 02/23/2005 13:32:37

    Name                                        Base        Top      Size
    --------------------------------------- ----------- ----------- ---------
    Segment: aduart0_TEXT                        C:390A      C:3974       6bh
    Segment: FAR_DATA                            E:0C15      E:0C15        1h


Module: ..\UART\COMMON\WRITEUART0.C (Library: zslLYD.lib) Version: 1:0 02/23/2005 13:32:38

    Name                                        Base        Top      Size
    --------------------------------------- ----------- ----------- ---------
    Segment: FAR_DATA                            E:0C16      E:0C16        1h
    Segment: teuart0_TEXT                        C:39D2      C:3A8B       bah


Module: .\ANSI.C (File: ansi.obj) Version: 1:0 06/17/2013 11:35:29

    Name                                        Base        Top      Size
    --------------------------------------- ----------- ----------- ---------
    Segment: ansi_TEXT                           C:06B5      C:0F5D      8a9h
    Segment: FAR_DATA                            E:0C82      E:0C85        4h
    Segment: ROM_TEXT                            C:028E      C:02A3       16h


Module: .\LED.C (File: LED.obj) Version: 1:0 06/17/2013 10:52:22

    Name                                        Base        Top      Size
    --------------------------------------- ----------- ----------- ---------
    Segment: __VECTORS                           C:0000      C:0009        ah
    Segment: FAR_BSS                             E:0109      E:024D      145h
    Segment: FAR_DATA                            E:0603      E:0810      20eh
    Segment: led_TEXT                            C:0F5E      C:130D      3b0h


Module: .\LUT.C (File: lut.obj) Version: 1:0 06/17/2013 10:52:24

    Name                                        Base        Top      Size
    --------------------------------------- ----------- ----------- ---------
    Segment: FAR_DATA                            E:0811      E:0C10      400h


Module: .\MAIN.C (File: main.obj) Version: 1:0 06/18/2013 12:12:53

    Name                                        Base        Top      Size
    --------------------------------------- ----------- ----------- ---------
    Segment: main_TEXT                           C:130E      C:13EC       dfh


Module: .\MATH.C (File: math.obj) Version: 1:0 06/17/2013 16:53:44

    Name                                        Base        Top      Size
    --------------------------------------- ----------- ----------- ---------
    Segment: math_TEXT                           C:13ED      C:1941      555h
    Segment: ROM_TEXT                            C:02A4      C:02A6        3h


Module: .\REFLEXBALL.C (File: reflexball.obj) Version: 1:0 06/18/2013 13:56:31

    Name                                        Base        Top      Size
    --------------------------------------- ----------- ----------- ---------
    Segment: FAR_BSS                             E:024E      E:05D4      387h
    Segment: FAR_DATA                            E:0C11      E:0C11        1h
    Segment: FAR_DATA                            E:0C86      E:0C9B       16h
    Segment: lexball_TEXT                        C:1942      C:2D95     1454h
    Segment: ROM_TEXT                            C:02A7      C:02F3       4dh


Module: .\TIME.C (File: time.obj) Version: 1:0 06/17/2013 10:52:18

    Name                                        Base        Top      Size
    --------------------------------------- ----------- ----------- ---------
    Segment: __VECTORS                           C:0000      C:000B        ch
    Segment: FAR_BSS                             E:0102      E:0108        7h
    Segment: FAR_DATA                            E:05FA      E:0602        9h
    Segment: FAR_DATA                            E:0C17      E:0C81       6bh
    Segment: ROM_TEXT                            C:028B      C:028D        3h
    Segment: time_TEXT                           C:0365      C:06B4      350h


Module: COMMON\ABS.C (Library: crtrevaaLDD.lib) Version: 1:0 02/23/2005 13:27:08

    Name                                        Base        Top      Size
    --------------------------------------- ----------- ----------- ---------
    Segment: abs_TEXT                            C:37F7      C:3834       3eh


Module: common\fpdumyl.asm (File: fpdumyL.obj) Version: 1:0 02/23/2005 13:22:38

    Name                                        Base        Top      Size
    --------------------------------------- ----------- ----------- ---------
    Segment: CODE                                C:003A      C:003A        1h
    Segment: FAR_BSS                             E:05D5      E:05D8        4h


Module: common\frame.asm (Library: crtrevaaLDD.lib) Version: 1:0 02/23/2005 13:27:20

    Name                                        Base        Top      Size
    --------------------------------------- ----------- ----------- ---------
    Segment: CODE                                C:0076      C:00DC       67h


Module: COMMON\PRINT_GLOBALS.C (Library: crtrevaaLDD.lib) Version: 1:0 02/23/2005 13:27:11

    Name                                        Base        Top      Size
    --------------------------------------- ----------- ----------- ---------
    Segment: FAR_BSS                             E:05D9      E:05F3       1bh
    Segment: FAR_DATA                            E:0C13      E:0C14        2h


Module: COMMON\PRINT_PUTCH.C (Library: crtrevaaLDD.lib) Version: 1:0 02/23/2005 13:27:11

    Name                                        Base        Top      Size
    --------------------------------------- ----------- ----------- ---------
    Segment: t_putch_TEXT                        C:3596      C:35AB       16h


Module: COMMON\PRINT_PUTROMSTRING.C (Library: crtrevaaLDD.lib) Version: 1:0 02/23/2005 13:27:12

    Name                                        Base        Top      Size
    --------------------------------------- ----------- ----------- ---------
    Segment: mstring_TEXT                        C:37AA      C:37F6       4dh


Module: COMMON\PRINT_PUTSTRING.C (Library: crtrevaaLDD.lib) Version: 1:0 02/23/2005 13:27:12

    Name                                        Base        Top      Size
    --------------------------------------- ----------- ----------- ---------
    Segment: tstring_TEXT                        C:35DB      C:379C      1c2h


Module: COMMON\PRINT_SEND.C (Library: crtrevaaLDD.lib) Version: 1:0 02/23/2005 13:27:12

    Name                                        Base        Top      Size
    --------------------------------------- ----------- ----------- ---------
    Segment: nt_send_TEXT                        C:2E78      C:304B      1d4h


Module: COMMON\PRINT_SPUTCH.C (Library: crtrevaaLDD.lib) Version: 1:0 02/23/2005 13:27:11

    Name                                        Base        Top      Size
    --------------------------------------- ----------- ----------- ---------
    Segment: _sputch_TEXT                        C:35AC      C:35DA       2fh


Module: COMMON\PRINT_UPUTCH.C (Library: crtrevaaLDD.lib) Version: 1:0 02/23/2005 13:27:11

    Name                                        Base        Top      Size
    --------------------------------------- ----------- ----------- ---------
    Segment: _uputch_TEXT                        C:357D      C:3595       19h


Module: COMMON\SIO.C (Library: crtrevaaLDD.lib) Version: 1:0 02/23/2005 13:27:13

    Name                                        Base        Top      Size
    --------------------------------------- ----------- ----------- ---------
    Segment: FAR_DATA                            E:0C12      E:0C12        1h
    Segment: sio_TEXT                            C:2D96      C:2E77       e2h


Module: COMMON\STRLEN.C (Library: crtrevaaLDD.lib) Version: 1:0 02/23/2005 13:27:14

    Name                                        Base        Top      Size
    --------------------------------------- ----------- ----------- ---------
    Segment: strlen_TEXT                         C:3514      C:3555       42h


Module: common\swdiv.asm (Library: crtrevaaLDD.lib) Version: 1:0 02/23/2005 13:27:19

    Name                                        Base        Top      Size
    --------------------------------------- ----------- ----------- ---------
    Segment: CODE                                C:003B      C:0075       3bh


Module: common\ubdiv.asm (Library: crtrevaaLDD.lib) Version: 1:0 02/23/2005 13:27:19

    Name                                        Base        Top      Size
    --------------------------------------- ----------- ----------- ---------
    Segment: CODE                                C:01A8      C:01C6       1fh


Module: common\ucase.asm (Library: crtrevaaLDD.lib) Version: 1:0 02/23/2005 13:27:19

    Name                                        Base        Top      Size
    --------------------------------------- ----------- ----------- ---------
    Segment: CODE                                C:024D      C:028A       3eh


Module: common\uldiv.asm (Library: crtrevaaLDD.lib) Version: 1:0 02/23/2005 13:27:19

    Name                                        Base        Top      Size
    --------------------------------------- ----------- ----------- ---------
    Segment: CODE                                C:01C7      C:021B       55h


Module: common\ulmul.asm (Library: crtrevaaLDD.lib) Version: 1:0 02/23/2005 13:27:19

    Name                                        Base        Top      Size
    --------------------------------------- ----------- ----------- ---------
    Segment: CODE                                C:00DD      C:0174       98h


Module: COMMON\ULTOA.C (Library: crtrevaaLDD.lib) Version: 1:0 02/23/2005 13:27:16

    Name                                        Base        Top      Size
    --------------------------------------- ----------- ----------- ---------
    Segment: ultoa_TEXT                          C:30FB      C:3513      419h


Module: COMMON\UREVERSE.C (Library: crtrevaaLDD.lib) Version: 1:0 02/23/2005 13:27:17

    Name                                        Base        Top      Size
    --------------------------------------- ----------- ----------- ---------
    Segment: reverse_TEXT                        C:3835      C:3909       d5h


Module: COMMON\USTOA.C (Library: crtrevaaLDD.lib) Version: 1:0 02/23/2005 13:27:18

    Name                                        Base        Top      Size
    --------------------------------------- ----------- ----------- ---------
    Segment: ustoa_TEXT                          C:3556      C:357C       27h


Module: common\uwdiv.asm (Library: crtrevaaLDD.lib) Version: 1:0 02/23/2005 13:27:19

    Name                                        Base        Top      Size
    --------------------------------------- ----------- ----------- ---------
    Segment: CODE                                C:021C      C:024C       31h


Module: common\uwmul.asm (Library: crtrevaaLDD.lib) Version: 1:0 02/23/2005 13:27:19

    Name                                        Base        Top      Size
    --------------------------------------- ----------- ----------- ---------
    Segment: CODE                                C:0175      C:01A7       33h


Module: get_freq.asm (Library: crtrevaaLDD.lib) Version: 1:0 02/23/2005 13:27:19

    Name                                        Base        Top      Size
    --------------------------------------- ----------- ----------- ---------
    Segment: getfreq_TEXT                        C:304C      C:3062       17h


Module: L:\PHQFBI~D\ROIZBJ~K\zsldevinit.asm (File: zsldevinit.obj) Version: 1:0 06/17/2013 10:52:17

    Name                                        Base        Top      Size
    --------------------------------------- ----------- ----------- ---------
    Segment: CODE                                C:0038      C:0039        2h
    Segment: FAR_DATA                            E:05F5      E:05F9        5h

EXTERNAL DEFINITIONS:
=====================

Symbol                             Address   Module          Segment
-------------------------------- ----------- --------------- --------------------------------
_0__far_atof                          E:05D5 fpdumyl         FAR_BSS                         
_0__far_frexp                         E:05D5 fpdumyl         FAR_BSS                         
_0__far_modf                          E:05D5 fpdumyl         FAR_BSS                         
_0__far_strtod                        E:05D5 fpdumyl         FAR_BSS                         
_0__near_atof                         E:05D5 fpdumyl         FAR_BSS                         
_0__near_frexp                        E:05D5 fpdumyl         FAR_BSS                         
_0__near_modf                         E:05D5 fpdumyl         FAR_BSS                         
_0__near_strtod                       E:05D5 fpdumyl         FAR_BSS                         
_0__u_dtoe                            E:05D5 fpdumyl         FAR_BSS                         
_0__u_dtof                            E:05D5 fpdumyl         FAR_BSS                         
_0__u_dtog                            E:05D5 fpdumyl         FAR_BSS                         
_0__u_flt_info                        E:05D5 fpdumyl         FAR_BSS                         
_0__u_flt_rnd                         E:05D5 fpdumyl         FAR_BSS                         
_0_acos                               E:05D5 fpdumyl         FAR_BSS                         
_0_asin                               E:05D5 fpdumyl         FAR_BSS                         
_0_atan                               E:05D5 fpdumyl         FAR_BSS                         
_0_atan2                              E:05D5 fpdumyl         FAR_BSS                         
_0_ceil                               E:05D5 fpdumyl         FAR_BSS                         
_0_cosh                               E:05D5 fpdumyl         FAR_BSS                         
_0_exp                                E:05D5 fpdumyl         FAR_BSS                         
_0_fabs                               E:05D5 fpdumyl         FAR_BSS                         
_0_floor                              E:05D5 fpdumyl         FAR_BSS                         
_0_fmod                               E:05D5 fpdumyl         FAR_BSS                         
_0_ldexp                              E:05D5 fpdumyl         FAR_BSS                         
_0_log                                E:05D5 fpdumyl         FAR_BSS                         
_0_log10                              E:05D5 fpdumyl         FAR_BSS                         
_0_pow                                E:05D5 fpdumyl         FAR_BSS                         
_0_sinh                               E:05D5 fpdumyl         FAR_BSS                         
_0_sqrt                               E:05D5 fpdumyl         FAR_BSS                         
_0_tan                                E:05D5 fpdumyl         FAR_BSS                         
_0_tanh                               E:05D5 fpdumyl         FAR_BSS                         
_1__far_frexp                         E:05D5 fpdumyl         FAR_BSS                         
_1__far_modf                          E:05D5 fpdumyl         FAR_BSS                         
_1__far_strtod                        E:05D5 fpdumyl         FAR_BSS                         
_1__near_frexp                        E:05D5 fpdumyl         FAR_BSS                         
_1__near_modf                         E:05D5 fpdumyl         FAR_BSS                         
_1__near_strtod                       E:05D5 fpdumyl         FAR_BSS                         
_1__u_dtoe                            E:05D5 fpdumyl         FAR_BSS                         
_1__u_dtof                            E:05D5 fpdumyl         FAR_BSS                         
_1__u_dtog                            E:05D5 fpdumyl         FAR_BSS                         
_1__u_flt_info                        E:05D5 fpdumyl         FAR_BSS                         
_1__u_flt_rnd                         E:05D5 fpdumyl         FAR_BSS                         
_1_atan2                              E:05D5 fpdumyl         FAR_BSS                         
_1_fmod                               E:05D5 fpdumyl         FAR_BSS                         
_1_ldexp                              E:05D5 fpdumyl         FAR_BSS                         
_1_pow                                E:05D5 fpdumyl         FAR_BSS                         
_1_strtod                             E:05D5 fpdumyl         FAR_BSS                         
_2__u_dtoe                            E:05D5 fpdumyl         FAR_BSS                         
_2__u_dtof                            E:05D5 fpdumyl         FAR_BSS                         
_2__u_dtog                            E:05D5 fpdumyl         FAR_BSS                         
_2__u_flt_info                        E:05D5 fpdumyl         FAR_BSS                         
___print_buff                         E:05D9 PRINT_GLOBALS   FAR_BSS                         
___print_fmt                          E:05E5 PRINT_GLOBALS   FAR_BSS                         
___print_leading_char                 E:05F1 PRINT_GLOBALS   FAR_BSS                         
___print_len                          E:05F0 PRINT_GLOBALS   FAR_BSS                         
___print_out                          E:05F2 PRINT_GLOBALS   FAR_BSS                         
___print_putch                        C:3596 PRINT_PUTCH     t_putch_TEXT                    
___print_putromstring                 C:37AA PRINT_PUTROMSTR mstring_TEXT                    
___print_send                         C:2E78 PRINT_SEND      nt_send_TEXT                    
___print_sendstring                   C:35DB PRINT_PUTSTRING tstring_TEXT                    
___print_sputch                       C:35AC PRINT_SPUTCH    _sputch_TEXT                    
___print_uputch                       C:357D PRINT_UPUTCH    _uputch_TEXT                    
___print_xputch                       E:0C13 PRINT_GLOBALS   FAR_DATA                        
__close_periphdevice                  C:0039 zsldevinit      CODE                            
__far_atof                            C:003A fpdumyl         CODE                            
__far_frexp                           C:003A fpdumyl         CODE                            
__far_modf                            C:003A fpdumyl         CODE                            
__far_strlen                          C:3514 STRLEN          strlen_TEXT                     
__far_strtod                          C:003A fpdumyl         CODE                            
__fpadd                               C:003A fpdumyl         CODE                            
__fpcmp                               C:003A fpdumyl         CODE                            
__fpdiv                               C:003A fpdumyl         CODE                            
__fpftol                              C:003A fpdumyl         CODE                            
__fpltof                              C:003A fpdumyl         CODE                            
__fpmul                               C:003A fpdumyl         CODE                            
__fpneg                               C:003A fpdumyl         CODE                            
__fppack                              C:003A fpdumyl         CODE                            
__fpsub                               C:003A fpdumyl         CODE                            
__fpultof                             C:003A fpdumyl         CODE                            
__fpupop1                             C:003A fpdumyl         CODE                            
__fpupop2                             C:003A fpdumyl         CODE                            
__framereset                          C:00A1 frame           CODE                            
__frameset                            C:0082 frame           CODE                            
__frameset0                           C:0080 frame           CODE                            
__frameset00                          C:007E frame           CODE                            
__iframereset                         C:00B8 frame           CODE                            
__iframeset00                         C:0076 frame           CODE                            
__intrp                               E:05F4 startupl        FAR_DATA                        
__near_atof                           C:003A fpdumyl         CODE                            
__near_frexp                          C:003A fpdumyl         CODE                            
__near_modf                           C:003A fpdumyl         CODE                            
__near_strtod                         C:003A fpdumyl         CODE                            
__open_periphdevice                   C:0038 zsldevinit      CODE                            
__slmul                               C:00DD ulmul           CODE                            
__swdiv                               C:003B swdiv           CODE                            
__swmul                               C:0175 uwmul           CODE                            
__u_dtoe                              C:003A fpdumyl         CODE                            
__u_dtof                              C:003A fpdumyl         CODE                            
__u_dtog                              C:003A fpdumyl         CODE                            
__u_flt_info                          C:003A fpdumyl         CODE                            
__u_flt_rnd                           C:003A fpdumyl         CODE                            
__u_ltoa                              C:30FB ULTOA           ultoa_TEXT                      
__u_reverse                           C:3835 UREVERSE        reverse_TEXT                    
__u_stoa                              C:3556 USTOA           ustoa_TEXT                      
__ubdiv                               C:01A8 ubdiv           CODE                            
__ucase                               C:024D ucase           CODE                            
__uldiv                               C:01C7 uldiv           CODE                            
__ulmul                               C:00DD ulmul           CODE                            
__user_frequency                    01194000 (User Defined)
__uwdiv                               C:021C uwdiv           CODE                            
__uwmul                               C:0175 uwmul           CODE                            
_abs                                  C:37F7 ABS             abs_TEXT                        
_acos                                 C:003A fpdumyl         CODE                            
_alive                                E:05B3 REFLEXBALL      FAR_BSS                         
_asin                                 C:003A fpdumyl         CODE                            
_atan                                 C:003A fpdumyl         CODE                            
_atan2                                C:003A fpdumyl         CODE                            
_ball                                 E:024E REFLEXBALL      FAR_BSS                         
_ballPosStriker                       C:26F0 REFLEXBALL      lexball_TEXT                    
_bgcolor                              C:074B ANSI            ansi_TEXT                       
_blink                                C:09A1 ANSI            ansi_TEXT                       
_bricks                               E:0263 REFLEXBALL      FAR_BSS                         
_brickTable                           E:051F REFLEXBALL      FAR_BSS                         
_c_startup                            C:02F4 startupl        startup                         
_ceil                                 C:003A fpdumyl         CODE                            
_character_data                       E:0603 LED             FAR_DATA                        
_clearBigBall                         C:1B8F REFLEXBALL      lexball_TEXT                    
_clockLed                             C:0F5E LED             led_TEXT                        
_close_periphdevice                   C:0039 zsldevinit      CODE                            
_clreol                               C:08AE ANSI            ansi_TEXT                       
_clrscr                               C:087D ANSI            ansi_TEXT                       
_color                                C:0796 ANSI            ansi_TEXT                       
_column                               E:080D LED             FAR_DATA                        
_cos                                  C:16A8 MATH            math_TEXT                       
_cosh                                 C:003A fpdumyl         CODE                            
_counter                              E:0810 LED             FAR_DATA                        
_dead                                 C:19BB REFLEXBALL      lexball_TEXT                    
_delay_ms                             C:052B TIME            time_TEXT                       
_delayTimer                           E:05FA TIME            FAR_DATA                        
_digit                                E:080C LED             FAR_DATA                        
_drawBall                             C:262B REFLEXBALL      lexball_TEXT                    
_drawBallxy                           C:1E06 REFLEXBALL      lexball_TEXT                    
_drawBanner                           C:0B5A ANSI            ansi_TEXT                       
_drawBigBall                          C:1A80 REFLEXBALL      lexball_TEXT                    
_drawBrick                            C:1D3A REFLEXBALL      lexball_TEXT                    
_drawSides                            C:0A99 ANSI            ansi_TEXT                       
_drawStriker                          C:269A REFLEXBALL      lexball_TEXT                    
_drawTopBot                           C:0A0B ANSI            ansi_TEXT                       
_errno                                E:0100 startupl        FAR_BSS                         
_exit                                 C:0363 startupl        startup                         
_exp                                  C:003A fpdumyl         CODE                            
_expand                               C:13ED MATH            math_TEXT                       
_fabs                                 C:003A fpdumyl         CODE                            
_far_heapbot                        00000C9B (User Defined)
_far_heaptop                        00000EFF (User Defined)
_far_stack                          00000EFF (User Defined)
_fgcolor                              C:06B5 ANSI            ansi_TEXT                       
_floor                                C:003A fpdumyl         CODE                            
_fmod                                 C:003A fpdumyl         CODE                            
_g_clock0                             E:05F6 zsldevinit      FAR_DATA                        
_g_clock1                             E:05F6 zsldevinit      FAR_DATA                        
_g_Rxflag0                            E:0C15 READUART0       FAR_DATA                        
_g_simulate                           E:05F5 zsldevinit      FAR_DATA                        
_g_Txflag0                            E:0C16 WRITEUART0      FAR_DATA                        
_gameStarted                          E:0C11 REFLEXBALL      FAR_DATA                        
_gameTimer                            E:05AB REFLEXBALL      FAR_BSS                         
_get_freq                             C:3050 get_freq        getfreq_TEXT                    
_getch                                C:3063 GETCH           getch_TEXT                      
_getSavedCursor                       C:0C42 ANSI            ansi_TEXT                       
_getTerminalCoordinate                C:19E2 REFLEXBALL      lexball_TEXT                    
_gotoxy                               C:08DF ANSI            ansi_TEXT                       
_gotoxyBall                           C:1A24 REFLEXBALL      lexball_TEXT                    
_graphicCommand                       C:093E ANSI            ansi_TEXT                       
_hideCursor                           C:271C REFLEXBALL      lexball_TEXT                    
_index                                E:080E LED             FAR_DATA                        
_init_uart                            C:2DC4 SIO             sio_TEXT                        
_initBall                             C:2C2A REFLEXBALL      lexball_TEXT                    
_initBricks                           C:28FB REFLEXBALL      lexball_TEXT                    
_initButtons                          C:0573 TIME            time_TEXT                       
_initReflexBall                       C:2C8A REFLEXBALL      lexball_TEXT                    
_initStriker                          C:2811 REFLEXBALL      lexball_TEXT                    
_initTimers                           C:0688 TIME            time_TEXT                       
_initVector                           C:16C6 MATH            math_TEXT                       
_initWindow                           C:0600 TIME            time_TEXT                       
_kbhit                                C:379D KBHIT           kbhit_TEXT                      
_ldexp                                C:003A fpdumyl         CODE                            
_LEDinit                              C:0FB8 LED             led_TEXT                        
_LEDsetString                         C:1049 LED             led_TEXT                        
_LEDupdate                            C:1267 LED             led_TEXT                        
_len_farbss                         000004F4 (User Defined)
_len_fardata                        000006A8 (User Defined)
_len_nearbss                        00000000 (User Defined)
_len_neardata                       00000000 (User Defined)
_lives                                E:05B4 REFLEXBALL      FAR_BSS                         
_log                                  C:003A fpdumyl         CODE                            
_log10                                C:003A fpdumyl         CODE                            
_low_far_romdata                    00003A8C (User Defined)
_low_farbss                         00000100 (User Defined)
_low_fardata                        000005F4 (User Defined)
_low_near_romdata                   00000000 (User Defined)
_low_nearbss                        00000000 (User Defined)
_low_neardata                       00000000 (User Defined)
_main                                 C:130E MAIN            main_TEXT                       
_maxValue                             E:0109 LED             FAR_BSS                         
_millis                               C:04EE TIME            time_TEXT                       
_moveCursor                           C:0E5A ANSI            ansi_TEXT                       
_moveStriker                          C:273A REFLEXBALL      lexball_TEXT                    
_mscounter                            E:05FE TIME            FAR_DATA                        
_near_heapbot                       000000EF (User Defined)
_near_heaptop                       000000FF (User Defined)
_near_stack                         000000FF (User Defined)
_newData                              E:080B LED             FAR_DATA                        
_newTime                              E:0602 TIME            FAR_DATA                        
_open_periphdevice                    C:0038 zsldevinit      CODE                            
_pow                                  C:003A fpdumyl         CODE                            
_printBallCoor                        C:1C3E REFLEXBALL      lexball_TEXT                    
_printFix                             C:1635 MATH            math_TEXT                       
_printNumber                          C:1410 MATH            math_TEXT                       
_printTextCenter                      C:1942 REFLEXBALL      lexball_TEXT                    
_printTime                            C:0390 TIME            time_TEXT                       
_printVector                          C:1894 MATH            math_TEXT                       
_printWindow                          C:0EA2 ANSI            ansi_TEXT                       
_putch                                C:3975 PUTCH           putch_TEXT                      
_read_UART0                           C:390A READUART0       aduart0_TEXT                    
_readButtons                          C:058A TIME            time_TEXT                       
_readkey                              C:05C8 TIME            time_TEXT                       
_resetbgcolor                         C:084C ANSI            ansi_TEXT                       
_resetTime                            C:0365 TIME            time_TEXT                       
_reverse                              C:09BB ANSI            ansi_TEXT                       
_rotate                               C:1721 MATH            math_TEXT                       
_saveCursor                           C:0C11 ANSI            ansi_TEXT                       
_score                                E:05B5 REFLEXBALL      FAR_BSS                         
_select_port                          C:2D96 SIO             sio_TEXT                        
_setBallPos                           C:25E2 REFLEXBALL      lexball_TEXT                    
_sin                                  C:1668 MATH            math_TEXT                       
_SIN                                  E:0811 LUT             FAR_DATA                        
_sinh                                 C:003A fpdumyl         CODE                            
_sqrt                                 C:003A fpdumyl         CODE                            
_startGame                            C:2A2C REFLEXBALL      lexball_TEXT                    
_stopGame                             C:28F0 REFLEXBALL      lexball_TEXT                    
_striker                              E:0260 REFLEXBALL      FAR_BSS                         
_strikerAngle                         E:05B7 REFLEXBALL      FAR_BSS                         
_stringLength                         E:080F LED             FAR_DATA                        
_strlen                               C:09D5 ANSI            ansi_TEXT                       
_strlen_rom                           C:1014 LED             led_TEXT                        
_tan                                  C:003A fpdumyl         CODE                            
_tanh                                 C:003A fpdumyl         CODE                            
_time                                 E:0102 TIME            FAR_BSS                         
_timer0int                            C:04A6 TIME            time_TEXT                       
_timer1int                            C:0501 TIME            time_TEXT                       
_timer2int                            C:0FAA LED             led_TEXT                        
_underline                            C:0987 ANSI            ansi_TEXT                       
_updateGame                           C:2BCD REFLEXBALL      lexball_TEXT                    
_videoBuffer                          E:010A LED             FAR_BSS                         
_window                               C:0C73 ANSI            ansi_TEXT                       
_write_UART0                          C:39D2 WRITEUART0      teuart0_TEXT                    
_x1                                   E:05AF REFLEXBALL      FAR_BSS                         
_x2                                   E:05B1 REFLEXBALL      FAR_BSS                         
_y1                                   E:05B0 REFLEXBALL      FAR_BSS                         
_y2                                   E:05B2 REFLEXBALL      FAR_BSS                         
_zsl_g_clock_xdefine                01194000 (User Defined)

261 external symbol(s).


START ADDRESS:
==============
(C:02F4) set in module ..\..\src\boot\common\startupl.asm.

CALL GRAPH
==========
Depth Address    CF Function                       Calls Function
----- ---------- -- ------------------------------ --------------------------------
    1 R:20        0 _get_freq                      ->
    2 E:0100      0 _f__far_modf                   ->
    3 R:20        0 _n__floor                      ->
    4 R:20        0 _n___u_flt_rnd                 ->
    5 R:20        0 _n__far_modf                   ->
    6 R:20        0 _n__sqrt                       ->
    7 R:20        0 _n__near_modf                  ->
    8 E:0100      0 _f__atan                       ->
    9 E:0100      0 _f__pow                        ->
   10 R:20        0 _n__near_strtod                ->
   11 E:0100      0 _f__atan2                      ->
   12 R:20        0 _n__far_strtod                 ->
   13 E:0100      0 _f__far_strtod                 ->
   14 R:20        0 _n__atan                       ->
   15 E:0100      0 _f__log10                      ->
   16 E:0100      0 _f__log                        ->
   17 E:0100      0 _f__floor                      ->
   18 R:20        0 _n__exp                        ->
   19 E:0100      0 _f__fmod                       ->
   20 E:0100      0 _f__near_modf                  ->
   21 R:20        0 _n__tan                        ->
   22 E:0100      0 _f___u_flt_info                ->
   23 R:20        0 _n__atan2                      ->
   24 R:20        0 _n__near_atof                  ->
   25 E:0100      0 _f__far_atof                   ->
   26 R:20        0 _n__far_atof                   ->
   27 E:0100      0 _f__acos                       ->
   28 E:0100      0 _f__cosh                       ->
   29 R:20        0 _n___u_dtog                    ->
   30 R:20        0 _n___u_dtof                    ->
   31 R:20        0 _n___u_dtoe                    ->
   32 R:20        0 _n__cosh                       ->
   33 R:20        0 _n__sinh                       ->
   34 R:20        0 _n__acos                       ->
   35 E:0100      0 _f__far_frexp                  ->
   36 E:0100      0 _f__tan                        ->
   37 R:20        0 _n__ldexp                      ->
   38 E:0100      0 _f__tanh                       ->
   39 R:20        0 _n___u_flt_info                ->
   40 E:0100      0 _f__sinh                       ->
   41 E:0100      0 _f__near_frexp                 ->
   42 E:0100      0 _f__near_atof                  ->
   43 E:0100      0 _f___u__dtog                   ->
   44 E:0100      0 _f___u__dtof                   ->
   45 E:0100      0 _f___u__dtoe                   ->
   46 R:20        0 _n__tanh                       ->
   47 R:20        0 _n__near_frexp                 ->
   48 R:20        0 _n__far_frexp                  ->
   49 E:0100      0 _f__ldexp                      ->
   50 E:0100      0 _f__asin                       ->
   51 R:20        0 _n__fabs                       ->
   52 E:0100      0 _f__ceil                       ->
   53 R:20        0 _n__pow                        ->
   54 E:0100      0 _f__near_strtod                ->
   55 E:0100      0 _f__fabs                       ->
   56 R:20        0 _n__ceil                       ->
   57 R:20        0 _n__fmod                       ->
   58 R:20        0 _n__log10                      ->
   59 R:20        0 _n__asin                       ->
   60 E:0100      0 _f__sqrt                       ->
   61 E:0100      0 _f___u_flt_rnd                 ->
   62 R:20        0 _n__log                        ->
   63 E:0100      0 _f__exp                        ->


END OF LINK MAP:
================
0 Errors
0 Warnings
