
IEEE 695 OMF Linker Version 6.03 (05021601)
Copyright (C) 1999-2004 ZiLOG, Inc. All Rights Reserved

LINK MAP:

DATE:      Mon Jun 24 18:01:06 2013
PROCESSOR: assembler
FILES:     C:\PROGRA~1\ZiLOG\ZDSII_~1.3\lib\zilog\startupL.obj
           .\zsldevinit.obj
           .\time.obj             .\ansi.obj             .\LED.obj              
           .\lut.obj              .\main.obj             .\math.obj             
           .\reflexball.obj
           .\gameport.obj         
           .\startScreen.obj
           C:\PROGRA~1\ZiLOG\ZDSII_~1.3\lib\std\crtrevaaLDD.lib
           C:\PROGRA~1\ZiLOG\ZDSII_~1.3\lib\std\fpdumyL.obj
           C:\PROGRA~1\ZiLOG\ZDSII_~1.3\lib\zilog\zslLYD.lib
           


COMMAND LIST:
=============
/* Linker Command File - ReflexBall Debug */

/* compiler options */
/* -alias -asm -bitfieldsize:32 -charsize:8 -const:RAM -debug */
/* -define:_Z8F6403 -define:_Z8ENCORE_640_FAMILY */
/* -define:_Z8ENCORE_F640X -define:_MODEL_LARGE -doublesize:32 */
/* -NOexpmac -floatsize:32 -NOfplib -genprintf -NOglobalcopy */
/* -NOglobalcse -NOglobalfold -intrinsic -intsize:16 -intsrc */
/* -NOjmpopt -NOkeepasm -NOkeeplst -NOlist -NOlistinc -localcopy */
/* -localcse -localfold -longsize:32 -NOloopopt -maxerrs:50 -model:L */
/* -NOoptlink -optsize -peephole -NOpromote -quiet -regvar -revaa */
/* -NOsdiopt -shortsize:16 */
/* -stdinc:"C:\PROGRA~1\ZiLOG\ZDSII_~1.3\include\std;C:\PROGRA~1\ZiLOG\ZDSII_~1.3\include\zilog;C:\PROGRA~1\ZiLOG\ZDSII_~1.3\include\zilog\Z8Encore_F640X" */
/* -strict -NOwatch -cpu:Z8F6403 */
/* -asmsw:" -cpu:Z8F6403 -define:_Z8F6403=1 -define:_Z8ENCORE_640_FAMILY=1 -define:_Z8ENCORE_F640X=1 -define:_MODEL_LARGE=1 -include:C:\PROGRA~1\ZiLOG\ZDSII_~1.3\include\std;C:\PROGRA~1\ZiLOG\ZDSII_~1.3\include\zilog;C:\PROGRA~1\ZiLOG\ZDSII_~1.3\include\zilog\Z8Encore_F640X -revaa" */

/* assembler options */
/* -debug -define:_Z8F6403=1 -define:_Z8ENCORE_640_FAMILY=1 */
/* -define:_Z8ENCORE_F640X=1 -define:_MODEL_LARGE=1 -genobj */
/* -NOigcase */
/* -include:"C:\PROGRA~1\ZiLOG\ZDSII_~1.3\include\std;C:\PROGRA~1\ZiLOG\ZDSII_~1.3\include\zilog;C:\PROGRA~1\ZiLOG\ZDSII_~1.3\include\zilog\Z8Encore_F640X" */
/* -list -NOlistmac -name -pagelen:56 -pagewidth:80 -quiet -sdiopt */
/* -warn -NOzmasm -revaa -cpu:Z8F6403 */

-FORMAT=OMF695
-NOigcase -map -quiet -warn -NOwarnoverlap -NOxref

RANGE ROM $0 : $FFFF
RANGE RDATA $20 : $FF
RANGE EDATA $100 : $EFF

CHANGE TEXT=EDATA
CHANGE TEXT=FAR_DATA
change NEAR_TXT=NEAR_DATA
change FAR_TXT=FAR_DATA
ORDER FAR_BSS, FAR_DATA
ORDER NEAR_BSS,NEAR_DATA
COPY NEAR_DATA ROM
COPY FAR_DATA ROM

define _low_near_romdata = copy base of NEAR_DATA
define _low_neardata = base of NEAR_DATA
define _len_neardata = length of NEAR_DATA
define _low_far_romdata = copy base of FAR_DATA
define _low_fardata = base of FAR_DATA
define _len_fardata = length of FAR_DATA
define _low_nearbss = base of NEAR_BSS
define _len_nearbss = length of NEAR_BSS
define _low_farbss = base of FAR_BSS
define _len_farbss = length of FAR_BSS
define _far_heaptop = highaddr of EDATA
define _far_stack = highaddr of EDATA
define _near_stack = highaddr of RDATA
define _far_heapbot = top of EDATA
define _near_heaptop = highaddr of RDATA
define _near_heapbot = top of RDATA

define _zsl_g_clock_xdefine = 18432000

/* Set frequency to 18432000 Hz */
define __user_frequency = 18432000

"L:\PHQFBI~D\ROIZBJ~K\ReflexBall"=  C:\PROGRA~1\ZiLOG\ZDSII_~1.3\lib\zilog\startupL.obj,  .\zsldevinit.obj,  .\time.obj,  .\ansi.obj,  .\LED.obj,  .\lut.obj,  .\main.obj,  .\math.obj,  .\reflexball.obj,  .\gameport.obj,  .\startScreen.obj,  C:\PROGRA~1\ZiLOG\ZDSII_~1.3\lib\std\crtrevaaLDD.lib,  C:\PROGRA~1\ZiLOG\ZDSII_~1.3\lib\std\fpdumyL.obj,  C:\PROGRA~1\ZiLOG\ZDSII_~1.3\lib\zilog\zslLYD.lib


SEGMENT OVERLAYS:
=================

Name                                     Base        Top       Length
------------------------------------ ----------- ----------- ----------
Section: __VECTORS                        C:0000      C:000A         bh

SPACE ALLOCATION:
=================

Space              Base        Top         Size
------------------ ----------- ----------- ---------
EDATA                   E:0100      E:0818      719h
RDATA                     R:E0        R:EF       10h
ROM                     C:0000      C:7746     7747h


SEGMENTS WITHIN SPACE:
======================

EDATA              Type                Base        Top         Size
------------------ ------------------- ----------- ----------- ---------
FAR_BSS            normal data              E:0100      E:0762      663h
FAR_DATA           normal data              E:0763      E:0818       b6h


RDATA              Type                Base        Top         Size
------------------ ------------------- ----------- ----------- ---------
workingreg         absolute data              R:E0        R:EF       10h


ROM                Type                Base        Top         Size
------------------ ------------------- ----------- ----------- ---------
__VECTORS          absolute data            C:0000      C:0037       38h
_sputch_TEXT       normal data              C:6F28      C:6F56       2fh
_uputch_TEXT       normal data              C:6EF9      C:6F11       19h
abs_TEXT           normal data              C:7173      C:71B0       3eh
aduart0_TEXT       normal data              C:7286      C:72F0       6bh
ameport_TEXT       normal data              C:6269      C:63BA      152h
ansi_TEXT          normal data              C:1D55      C:25FD      8a9h
CODE               normal data              C:155B      C:17AD      253h
FAR_DATA           * segment copy *         C:7691      C:7746       b6h
getch_TEXT         normal data              C:69BB      C:6A52       98h
getfreq_TEXT       normal data              C:69A4      C:69BA       17h
kbhit_TEXT         normal data              C:7119      C:7125        dh
led_TEXT           normal data              C:25FE      C:2A30      433h
lexball_TEXT       normal data              C:317B      C:6268     30eeh
main_TEXT          normal data              C:2A31      C:2C32      202h
math_TEXT          normal data              C:2C33      C:317A      548h
mstring_TEXT       normal data              C:7126      C:7172       4dh
nt_send_TEXT       normal data              C:67D0      C:69A3      1d4h
putch_TEXT         normal data              C:757A      C:75D6       5dh
reverse_TEXT       normal data              C:71B1      C:7285       d5h
ROM_DATA           normal data              C:0038      C:155A     1523h
ROM_TEXT           normal data              C:17AE      C:1993      1e6h
sio_TEXT           normal data              C:66EE      C:67CF       e2h
startup            normal data              C:1994      C:1A04       71h
strlen_TEXT        normal data              C:6E6C      C:6EAD       42h
t_putch_TEXT       normal data              C:6F12      C:6F27       16h
teuart0_TEXT       normal data              C:75D7      C:7690       bah
time_TEXT          normal data              C:1A05      C:1D54      350h
tscreen_TEXT       normal data              C:63BB      C:66ED      333h
tstring_TEXT       normal data              C:6F57      C:7118      1c2h
ultoa_TEXT         normal data              C:6A53      C:6E6B      419h
ustoa_TEXT         normal data              C:6ED2      C:6EF8       27h
uultoa_TEXT        normal data              C:72F1      C:7579      289h
uustoa_TEXT        normal data              C:6EAE      C:6ED1       24h

SEGMENTS WITHIN MODULES:
========================

Module: ..\..\src\boot\common\startupl.asm (File: startupL.obj) Version: 1:0 02/23/2005 13:22:37

    Name                                        Base        Top      Size
    --------------------------------------- ----------- ----------- ---------
    Segment: __VECTORS                           C:0000      C:0037       38h
    Segment: FAR_BSS                             E:0100      E:0101        2h
    Segment: FAR_DATA                            E:0763      E:0763        1h
    Segment: startup                             C:1994      C:1A04       71h
    Segment: workingreg                            R:E0        R:EF       10h


Module: ..\UART\COMMON\GETCH.C (Library: zslLYD.lib) Version: 1:0 02/23/2005 13:32:41

    Name                                        Base        Top      Size
    --------------------------------------- ----------- ----------- ---------
    Segment: getch_TEXT                          C:69BB      C:6A52       98h


Module: ..\UART\COMMON\KBHIT.C (Library: zslLYD.lib) Version: 1:0 02/23/2005 13:32:41

    Name                                        Base        Top      Size
    --------------------------------------- ----------- ----------- ---------
    Segment: kbhit_TEXT                          C:7119      C:7125        dh


Module: ..\UART\COMMON\PUTCH.C (Library: zslLYD.lib) Version: 1:0 02/23/2005 13:32:42

    Name                                        Base        Top      Size
    --------------------------------------- ----------- ----------- ---------
    Segment: putch_TEXT                          C:757A      C:75D6       5dh


Module: ..\UART\COMMON\READUART0.C (Library: zslLYD.lib) Version: 1:0 02/23/2005 13:32:37

    Name                                        Base        Top      Size
    --------------------------------------- ----------- ----------- ---------
    Segment: aduart0_TEXT                        C:7286      C:72F0       6bh
    Segment: FAR_DATA                            E:0781      E:0781        1h


Module: ..\UART\COMMON\WRITEUART0.C (Library: zslLYD.lib) Version: 1:0 02/23/2005 13:32:38

    Name                                        Base        Top      Size
    --------------------------------------- ----------- ----------- ---------
    Segment: FAR_DATA                            E:0782      E:0782        1h
    Segment: teuart0_TEXT                        C:75D7      C:7690       bah


Module: .\ANSI.C (File: ansi.obj) Version: 1:0 06/24/2013 16:20:53

    Name                                        Base        Top      Size
    --------------------------------------- ----------- ----------- ---------
    Segment: ansi_TEXT                           C:1D55      C:25FD      8a9h
    Segment: FAR_DATA                            E:07EE      E:07F1        4h
    Segment: ROM_TEXT                            C:17B1      C:17C6       16h


Module: .\GAMEPORT.C (File: gameport.obj) Version: 1:0 06/24/2013 16:21:05

    Name                                        Base        Top      Size
    --------------------------------------- ----------- ----------- ---------
    Segment: ameport_TEXT                        C:6269      C:63BA      152h
    Segment: ROM_TEXT                            C:198E      C:1993        6h


Module: .\LED.C (File: LED.obj) Version: 1:0 06/24/2013 16:20:54

    Name                                        Base        Top      Size
    --------------------------------------- ----------- ----------- ---------
    Segment: __VECTORS                           C:0000      C:0009        ah
    Segment: FAR_BSS                             E:0109      E:012B       23h
    Segment: FAR_DATA                            E:0772      E:0776        5h
    Segment: led_TEXT                            C:25FE      C:2A30      433h
    Segment: ROM_DATA                            C:0038      C:023F      208h


Module: .\LUT.C (File: lut.obj) Version: 1:0 06/24/2013 16:20:56

    Name                                        Base        Top      Size
    --------------------------------------- ----------- ----------- ---------
    Segment: ROM_DATA                            C:0240      C:063F      400h


Module: .\MAIN.C (File: main.obj) Version: 1:0 06/24/2013 16:58:31

    Name                                        Base        Top      Size
    --------------------------------------- ----------- ----------- ---------
    Segment: main_TEXT                           C:2A31      C:2C32      202h
    Segment: ROM_TEXT                            C:17C7      C:17D8       12h


Module: .\MATH.C (File: math.obj) Version: 1:0 06/24/2013 16:20:58

    Name                                        Base        Top      Size
    --------------------------------------- ----------- ----------- ---------
    Segment: math_TEXT                           C:2C33      C:317A      548h
    Segment: ROM_TEXT                            C:17D9      C:17DB        3h


Module: .\REFLEXBALL.C (File: reflexball.obj) Version: 1:0 06/24/2013 16:21:02

    Name                                        Base        Top      Size
    --------------------------------------- ----------- ----------- ---------
    Segment: FAR_BSS                             E:012C      E:0743      618h
    Segment: FAR_DATA                            E:0777      E:077D        7h
    Segment: FAR_DATA                            E:07F2      E:0807       16h
    Segment: lexball_TEXT                        C:317B      C:6268     30eeh
    Segment: ROM_DATA                            C:0640      C:0A9F      460h
    Segment: ROM_TEXT                            C:17DC      C:198D      1b2h


Module: .\STARTSCREEN.C (File: startScreen.obj) Version: 1:0 06/24/2013 18:01:05

    Name                                        Base        Top      Size
    --------------------------------------- ----------- ----------- ---------
    Segment: FAR_DATA                            E:0808      E:0818       11h
    Segment: ROM_DATA                            C:0AA0      C:155A      abbh
    Segment: tscreen_TEXT                        C:63BB      C:66ED      333h


Module: .\TIME.C (File: time.obj) Version: 1:0 06/24/2013 16:20:51

    Name                                        Base        Top      Size
    --------------------------------------- ----------- ----------- ---------
    Segment: __VECTORS                           C:0000      C:000B        ch
    Segment: FAR_BSS                             E:0102      E:0108        7h
    Segment: FAR_DATA                            E:0769      E:0771        9h
    Segment: FAR_DATA                            E:0783      E:07ED       6bh
    Segment: ROM_TEXT                            C:17AE      C:17B0        3h
    Segment: time_TEXT                           C:1A05      C:1D54      350h


Module: COMMON\ABS.C (Library: crtrevaaLDD.lib) Version: 1:0 02/23/2005 13:27:08

    Name                                        Base        Top      Size
    --------------------------------------- ----------- ----------- ---------
    Segment: abs_TEXT                            C:7173      C:71B0       3eh


Module: common\fpdumyl.asm (File: fpdumyL.obj) Version: 1:0 02/23/2005 13:22:38

    Name                                        Base        Top      Size
    --------------------------------------- ----------- ----------- ---------
    Segment: CODE                                C:155D      C:155D        1h
    Segment: FAR_BSS                             E:0744      E:0747        4h


Module: common\frame.asm (Library: crtrevaaLDD.lib) Version: 1:0 02/23/2005 13:27:20

    Name                                        Base        Top      Size
    --------------------------------------- ----------- ----------- ---------
    Segment: CODE                                C:1599      C:15FF       67h


Module: COMMON\PRINT_GLOBALS.C (Library: crtrevaaLDD.lib) Version: 1:0 02/23/2005 13:27:11

    Name                                        Base        Top      Size
    --------------------------------------- ----------- ----------- ---------
    Segment: FAR_BSS                             E:0748      E:0762       1bh
    Segment: FAR_DATA                            E:077F      E:0780        2h


Module: COMMON\PRINT_PUTCH.C (Library: crtrevaaLDD.lib) Version: 1:0 02/23/2005 13:27:11

    Name                                        Base        Top      Size
    --------------------------------------- ----------- ----------- ---------
    Segment: t_putch_TEXT                        C:6F12      C:6F27       16h


Module: COMMON\PRINT_PUTROMSTRING.C (Library: crtrevaaLDD.lib) Version: 1:0 02/23/2005 13:27:12

    Name                                        Base        Top      Size
    --------------------------------------- ----------- ----------- ---------
    Segment: mstring_TEXT                        C:7126      C:7172       4dh


Module: COMMON\PRINT_PUTSTRING.C (Library: crtrevaaLDD.lib) Version: 1:0 02/23/2005 13:27:12

    Name                                        Base        Top      Size
    --------------------------------------- ----------- ----------- ---------
    Segment: tstring_TEXT                        C:6F57      C:7118      1c2h


Module: COMMON\PRINT_SEND.C (Library: crtrevaaLDD.lib) Version: 1:0 02/23/2005 13:27:12

    Name                                        Base        Top      Size
    --------------------------------------- ----------- ----------- ---------
    Segment: nt_send_TEXT                        C:67D0      C:69A3      1d4h


Module: COMMON\PRINT_SPUTCH.C (Library: crtrevaaLDD.lib) Version: 1:0 02/23/2005 13:27:11

    Name                                        Base        Top      Size
    --------------------------------------- ----------- ----------- ---------
    Segment: _sputch_TEXT                        C:6F28      C:6F56       2fh


Module: COMMON\PRINT_UPUTCH.C (Library: crtrevaaLDD.lib) Version: 1:0 02/23/2005 13:27:11

    Name                                        Base        Top      Size
    --------------------------------------- ----------- ----------- ---------
    Segment: _uputch_TEXT                        C:6EF9      C:6F11       19h


Module: COMMON\SIO.C (Library: crtrevaaLDD.lib) Version: 1:0 02/23/2005 13:27:13

    Name                                        Base        Top      Size
    --------------------------------------- ----------- ----------- ---------
    Segment: FAR_DATA                            E:077E      E:077E        1h
    Segment: sio_TEXT                            C:66EE      C:67CF       e2h


Module: COMMON\STRLEN.C (Library: crtrevaaLDD.lib) Version: 1:0 02/23/2005 13:27:14

    Name                                        Base        Top      Size
    --------------------------------------- ----------- ----------- ---------
    Segment: strlen_TEXT                         C:6E6C      C:6EAD       42h


Module: common\swdiv.asm (Library: crtrevaaLDD.lib) Version: 1:0 02/23/2005 13:27:19

    Name                                        Base        Top      Size
    --------------------------------------- ----------- ----------- ---------
    Segment: CODE                                C:155E      C:1598       3bh


Module: common\ubdiv.asm (Library: crtrevaaLDD.lib) Version: 1:0 02/23/2005 13:27:19

    Name                                        Base        Top      Size
    --------------------------------------- ----------- ----------- ---------
    Segment: CODE                                C:16CB      C:16E9       1fh


Module: common\ucase.asm (Library: crtrevaaLDD.lib) Version: 1:0 02/23/2005 13:27:19

    Name                                        Base        Top      Size
    --------------------------------------- ----------- ----------- ---------
    Segment: CODE                                C:1770      C:17AD       3eh


Module: common\uldiv.asm (Library: crtrevaaLDD.lib) Version: 1:0 02/23/2005 13:27:19

    Name                                        Base        Top      Size
    --------------------------------------- ----------- ----------- ---------
    Segment: CODE                                C:16EA      C:173E       55h


Module: common\ulmul.asm (Library: crtrevaaLDD.lib) Version: 1:0 02/23/2005 13:27:19

    Name                                        Base        Top      Size
    --------------------------------------- ----------- ----------- ---------
    Segment: CODE                                C:1600      C:1697       98h


Module: COMMON\ULTOA.C (Library: crtrevaaLDD.lib) Version: 1:0 02/23/2005 13:27:16

    Name                                        Base        Top      Size
    --------------------------------------- ----------- ----------- ---------
    Segment: ultoa_TEXT                          C:6A53      C:6E6B      419h


Module: COMMON\UREVERSE.C (Library: crtrevaaLDD.lib) Version: 1:0 02/23/2005 13:27:17

    Name                                        Base        Top      Size
    --------------------------------------- ----------- ----------- ---------
    Segment: reverse_TEXT                        C:71B1      C:7285       d5h


Module: COMMON\USTOA.C (Library: crtrevaaLDD.lib) Version: 1:0 02/23/2005 13:27:18

    Name                                        Base        Top      Size
    --------------------------------------- ----------- ----------- ---------
    Segment: ustoa_TEXT                          C:6ED2      C:6EF8       27h


Module: COMMON\UULTOA.C (Library: crtrevaaLDD.lib) Version: 1:0 02/23/2005 13:27:18

    Name                                        Base        Top      Size
    --------------------------------------- ----------- ----------- ---------
    Segment: uultoa_TEXT                         C:72F1      C:7579      289h


Module: COMMON\UUSTOA.C (Library: crtrevaaLDD.lib) Version: 1:0 02/23/2005 13:27:18

    Name                                        Base        Top      Size
    --------------------------------------- ----------- ----------- ---------
    Segment: uustoa_TEXT                         C:6EAE      C:6ED1       24h


Module: common\uwdiv.asm (Library: crtrevaaLDD.lib) Version: 1:0 02/23/2005 13:27:19

    Name                                        Base        Top      Size
    --------------------------------------- ----------- ----------- ---------
    Segment: CODE                                C:173F      C:176F       31h


Module: common\uwmul.asm (Library: crtrevaaLDD.lib) Version: 1:0 02/23/2005 13:27:19

    Name                                        Base        Top      Size
    --------------------------------------- ----------- ----------- ---------
    Segment: CODE                                C:1698      C:16CA       33h


Module: get_freq.asm (Library: crtrevaaLDD.lib) Version: 1:0 02/23/2005 13:27:19

    Name                                        Base        Top      Size
    --------------------------------------- ----------- ----------- ---------
    Segment: getfreq_TEXT                        C:69A4      C:69BA       17h


Module: L:\PHQFBI~D\ROIZBJ~K\zsldevinit.asm (File: zsldevinit.obj) Version: 1:0 06/24/2013 16:20:50

    Name                                        Base        Top      Size
    --------------------------------------- ----------- ----------- ---------
    Segment: CODE                                C:155B      C:155C        2h
    Segment: FAR_DATA                            E:0764      E:0768        5h

EXTERNAL DEFINITIONS:
=====================

Symbol                             Address   Module          Segment
-------------------------------- ----------- --------------- --------------------------------
_0__far_atof                          E:0744 fpdumyl         FAR_BSS                         
_0__far_frexp                         E:0744 fpdumyl         FAR_BSS                         
_0__far_modf                          E:0744 fpdumyl         FAR_BSS                         
_0__far_strtod                        E:0744 fpdumyl         FAR_BSS                         
_0__near_atof                         E:0744 fpdumyl         FAR_BSS                         
_0__near_frexp                        E:0744 fpdumyl         FAR_BSS                         
_0__near_modf                         E:0744 fpdumyl         FAR_BSS                         
_0__near_strtod                       E:0744 fpdumyl         FAR_BSS                         
_0__u_dtoe                            E:0744 fpdumyl         FAR_BSS                         
_0__u_dtof                            E:0744 fpdumyl         FAR_BSS                         
_0__u_dtog                            E:0744 fpdumyl         FAR_BSS                         
_0__u_flt_info                        E:0744 fpdumyl         FAR_BSS                         
_0__u_flt_rnd                         E:0744 fpdumyl         FAR_BSS                         
_0_acos                               E:0744 fpdumyl         FAR_BSS                         
_0_asin                               E:0744 fpdumyl         FAR_BSS                         
_0_atan                               E:0744 fpdumyl         FAR_BSS                         
_0_atan2                              E:0744 fpdumyl         FAR_BSS                         
_0_ceil                               E:0744 fpdumyl         FAR_BSS                         
_0_cosh                               E:0744 fpdumyl         FAR_BSS                         
_0_exp                                E:0744 fpdumyl         FAR_BSS                         
_0_fabs                               E:0744 fpdumyl         FAR_BSS                         
_0_floor                              E:0744 fpdumyl         FAR_BSS                         
_0_fmod                               E:0744 fpdumyl         FAR_BSS                         
_0_ldexp                              E:0744 fpdumyl         FAR_BSS                         
_0_log                                E:0744 fpdumyl         FAR_BSS                         
_0_log10                              E:0744 fpdumyl         FAR_BSS                         
_0_pow                                E:0744 fpdumyl         FAR_BSS                         
_0_sinh                               E:0744 fpdumyl         FAR_BSS                         
_0_sqrt                               E:0744 fpdumyl         FAR_BSS                         
_0_tan                                E:0744 fpdumyl         FAR_BSS                         
_0_tanh                               E:0744 fpdumyl         FAR_BSS                         
_1__far_frexp                         E:0744 fpdumyl         FAR_BSS                         
_1__far_modf                          E:0744 fpdumyl         FAR_BSS                         
_1__far_strtod                        E:0744 fpdumyl         FAR_BSS                         
_1__near_frexp                        E:0744 fpdumyl         FAR_BSS                         
_1__near_modf                         E:0744 fpdumyl         FAR_BSS                         
_1__near_strtod                       E:0744 fpdumyl         FAR_BSS                         
_1__u_dtoe                            E:0744 fpdumyl         FAR_BSS                         
_1__u_dtof                            E:0744 fpdumyl         FAR_BSS                         
_1__u_dtog                            E:0744 fpdumyl         FAR_BSS                         
_1__u_flt_info                        E:0744 fpdumyl         FAR_BSS                         
_1__u_flt_rnd                         E:0744 fpdumyl         FAR_BSS                         
_1_atan2                              E:0744 fpdumyl         FAR_BSS                         
_1_fmod                               E:0744 fpdumyl         FAR_BSS                         
_1_ldexp                              E:0744 fpdumyl         FAR_BSS                         
_1_pow                                E:0744 fpdumyl         FAR_BSS                         
_1_strtod                             E:0744 fpdumyl         FAR_BSS                         
_2__u_dtoe                            E:0744 fpdumyl         FAR_BSS                         
_2__u_dtof                            E:0744 fpdumyl         FAR_BSS                         
_2__u_dtog                            E:0744 fpdumyl         FAR_BSS                         
_2__u_flt_info                        E:0744 fpdumyl         FAR_BSS                         
___print_buff                         E:0748 PRINT_GLOBALS   FAR_BSS                         
___print_fmt                          E:0754 PRINT_GLOBALS   FAR_BSS                         
___print_leading_char                 E:0760 PRINT_GLOBALS   FAR_BSS                         
___print_len                          E:075F PRINT_GLOBALS   FAR_BSS                         
___print_out                          E:0761 PRINT_GLOBALS   FAR_BSS                         
___print_putch                        C:6F12 PRINT_PUTCH     t_putch_TEXT                    
___print_putromstring                 C:7126 PRINT_PUTROMSTR mstring_TEXT                    
___print_send                         C:67D0 PRINT_SEND      nt_send_TEXT                    
___print_sendstring                   C:6F57 PRINT_PUTSTRING tstring_TEXT                    
___print_sputch                       C:6F28 PRINT_SPUTCH    _sputch_TEXT                    
___print_uputch                       C:6EF9 PRINT_UPUTCH    _uputch_TEXT                    
___print_xputch                       E:077F PRINT_GLOBALS   FAR_DATA                        
__close_periphdevice                  C:155C zsldevinit      CODE                            
__far_atof                            C:155D fpdumyl         CODE                            
__far_frexp                           C:155D fpdumyl         CODE                            
__far_modf                            C:155D fpdumyl         CODE                            
__far_strlen                          C:6E6C STRLEN          strlen_TEXT                     
__far_strtod                          C:155D fpdumyl         CODE                            
__fpadd                               C:155D fpdumyl         CODE                            
__fpcmp                               C:155D fpdumyl         CODE                            
__fpdiv                               C:155D fpdumyl         CODE                            
__fpftol                              C:155D fpdumyl         CODE                            
__fpltof                              C:155D fpdumyl         CODE                            
__fpmul                               C:155D fpdumyl         CODE                            
__fpneg                               C:155D fpdumyl         CODE                            
__fppack                              C:155D fpdumyl         CODE                            
__fpsub                               C:155D fpdumyl         CODE                            
__fpultof                             C:155D fpdumyl         CODE                            
__fpupop1                             C:155D fpdumyl         CODE                            
__fpupop2                             C:155D fpdumyl         CODE                            
__framereset                          C:15C4 frame           CODE                            
__frameset                            C:15A5 frame           CODE                            
__frameset0                           C:15A3 frame           CODE                            
__frameset00                          C:15A1 frame           CODE                            
__iframereset                         C:15DB frame           CODE                            
__iframeset00                         C:1599 frame           CODE                            
__intrp                               E:0763 startupl        FAR_DATA                        
__near_atof                           C:155D fpdumyl         CODE                            
__near_frexp                          C:155D fpdumyl         CODE                            
__near_modf                           C:155D fpdumyl         CODE                            
__near_strtod                         C:155D fpdumyl         CODE                            
__open_periphdevice                   C:155B zsldevinit      CODE                            
__slmul                               C:1600 ulmul           CODE                            
__swdiv                               C:155E swdiv           CODE                            
__swmul                               C:1698 uwmul           CODE                            
__u_dtoe                              C:155D fpdumyl         CODE                            
__u_dtof                              C:155D fpdumyl         CODE                            
__u_dtog                              C:155D fpdumyl         CODE                            
__u_flt_info                          C:155D fpdumyl         CODE                            
__u_flt_rnd                           C:155D fpdumyl         CODE                            
__u_ltoa                              C:6A53 ULTOA           ultoa_TEXT                      
__u_reverse                           C:71B1 UREVERSE        reverse_TEXT                    
__u_stoa                              C:6ED2 USTOA           ustoa_TEXT                      
__u_ultoa                             C:72F1 UULTOA          uultoa_TEXT                     
__u_ustoa                             C:6EAE UUSTOA          uustoa_TEXT                     
__ubdiv                               C:16CB ubdiv           CODE                            
__ucase                               C:1770 ucase           CODE                            
__uldiv                               C:16EA uldiv           CODE                            
__ulmul                               C:1600 ulmul           CODE                            
__user_frequency                    01194000 (User Defined)
__uwdiv                               C:173F uwdiv           CODE                            
__uwmul                               C:1698 uwmul           CODE                            
_abs                                  C:7173 ABS             abs_TEXT                        
_acos                                 C:155D fpdumyl         CODE                            
_alive                                E:06D2 REFLEXBALL      FAR_BSS                         
_asin                                 C:155D fpdumyl         CODE                            
_atan                                 C:155D fpdumyl         CODE                            
_atan2                                C:155D fpdumyl         CODE                            
_ball                                 E:012C REFLEXBALL      FAR_BSS                         
_ballPosStriker                       C:59C2 REFLEXBALL      lexball_TEXT                    
_bgcolor                              C:1DEB ANSI            ansi_TEXT                       
_blink                                C:2041 ANSI            ansi_TEXT                       
_bricks                               E:0141 REFLEXBALL      FAR_BSS                         
_bricksLives                          E:06C8 REFLEXBALL      FAR_BSS                         
_c_startup                            C:1994 startupl        startup                         
_ceil                                 C:155D fpdumyl         CODE                            
_character_data                       C:0038 LED             ROM_DATA                        
_clearBigBall                         C:368E REFLEXBALL      lexball_TEXT                    
_clockLed                             C:25FE LED             led_TEXT                        
_close_periphdevice                   C:155C zsldevinit      CODE                            
_clreol                               C:1F4E ANSI            ansi_TEXT                       
_clrscr                               C:1F1D ANSI            ansi_TEXT                       
_color                                C:1E36 ANSI            ansi_TEXT                       
_column                               E:0773 LED             FAR_DATA                        
_convertChar                          C:264A LED             led_TEXT                        
_cos                                  C:2EE1 MATH            math_TEXT                       
_cosh                                 C:155D fpdumyl         CODE                            
_dead                                 C:357D REFLEXBALL      lexball_TEXT                    
_delay_ms                             C:1BCB TIME            time_TEXT                       
_delayCounter                         E:0774 LED             FAR_DATA                        
_delayTimer                           E:0769 TIME            FAR_DATA                        
_digit                                E:0772 LED             FAR_DATA                        
_dontCounter                          E:077A REFLEXBALL      FAR_DATA                        
_drawBall                             C:5900 REFLEXBALL      lexball_TEXT                    
_drawBallNow                          E:073B REFLEXBALL      FAR_BSS                         
_drawBallxy                           C:3AAF REFLEXBALL      lexball_TEXT                    
_drawBanner                           C:21FA ANSI            ansi_TEXT                       
_drawBigBall                          C:3755 REFLEXBALL      lexball_TEXT                    
_drawBrick                            C:39D0 REFLEXBALL      lexball_TEXT                    
_drawCounter                          E:0778 REFLEXBALL      FAR_DATA                        
_drawCounterMax                       E:0779 REFLEXBALL      FAR_DATA                        
_drawLevel                            C:605C REFLEXBALL      lexball_TEXT                    
_drawSides                            C:2139 ANSI            ansi_TEXT                       
_drawStriker                          C:596C REFLEXBALL      lexball_TEXT                    
_drawTopBot                           C:20AB ANSI            ansi_TEXT                       
_easyAscii                            C:1321 STARTSCREEN     ROM_DATA                        
_errno                                E:0100 startupl        FAR_BSS                         
_exit                                 C:1A03 startupl        startup                         
_exp                                  C:155D fpdumyl         CODE                            
_expand                               C:2C33 MATH            math_TEXT                       
_fabs                                 C:155D fpdumyl         CODE                            
_far_heapbot                        00000818 (User Defined)
_far_heaptop                        00000EFF (User Defined)
_far_stack                          00000EFF (User Defined)
_fgcolor                              C:1D55 ANSI            ansi_TEXT                       
_floor                                C:155D fpdumyl         CODE                            
_fmod                                 C:155D fpdumyl         CODE                            
_g_clock0                             E:0765 zsldevinit      FAR_DATA                        
_g_clock1                             E:0765 zsldevinit      FAR_DATA                        
_g_Rxflag0                            E:0781 READUART0       FAR_DATA                        
_g_simulate                           E:0764 zsldevinit      FAR_DATA                        
_g_Txflag0                            E:0782 WRITEUART0      FAR_DATA                        
_gameStarted                          E:0777 REFLEXBALL      FAR_DATA                        
_gameTimer                            E:06CA REFLEXBALL      FAR_BSS                         
_get_freq                             C:69A8 get_freq        getfreq_TEXT                    
_getch                                C:69BB GETCH           getch_TEXT                      
_getGameportButtons                   C:62C7 GAMEPORT        ameport_TEXT                    
_getSavedCursor                       C:22E2 ANSI            ansi_TEXT                       
_getTerminalCoordinate                C:35F0 REFLEXBALL      lexball_TEXT                    
_gotoxy                               C:1F7F ANSI            ansi_TEXT                       
_gotoxyBall                           C:3632 REFLEXBALL      lexball_TEXT                    
_graphicCommand                       C:1FDE ANSI            ansi_TEXT                       
_hardAscii                            C:14C5 STARTSCREEN     ROM_DATA                        
_index                                E:0775 LED             FAR_DATA                        
_init_uart                            C:671C SIO             sio_TEXT                        
_initBall                             C:5FFC REFLEXBALL      lexball_TEXT                    
_initBricks                           C:5BC1 REFLEXBALL      lexball_TEXT                    
_initButtons                          C:1C13 TIME            time_TEXT                       
_initGameport                         C:62B0 GAMEPORT        ameport_TEXT                    
_initReflexBall                       C:6132 REFLEXBALL      lexball_TEXT                    
_initStriker                          C:5AE6 REFLEXBALL      lexball_TEXT                    
_initTimers                           C:1D28 TIME            time_TEXT                       
_initVector                           C:2EFF MATH            math_TEXT                       
_initWindow                           C:1CA0 TIME            time_TEXT                       
_kbhit                                C:7119 KBHIT           kbhit_TEXT                      
_lastX                                E:073C REFLEXBALL      FAR_BSS                         
_lastY                                E:0740 REFLEXBALL      FAR_BSS                         
_ldexp                                C:155D fpdumyl         CODE                            
_ledBuf                               E:0709 REFLEXBALL      FAR_BSS                         
_LEDinit                              C:29D5 LED             led_TEXT                        
_LEDRunOnce                           C:280C LED             led_TEXT                        
_LEDsetString                         C:26C3 LED             led_TEXT                        
_LEDupdate                            C:2929 LED             led_TEXT                        
_len_farbss                         00000663 (User Defined)
_len_fardata                        000000B6 (User Defined)
_len_nearbss                        00000000 (User Defined)
_len_neardata                       00000000 (User Defined)
_level                                E:06D6 REFLEXBALL      FAR_BSS                         
_levels                               C:0640 REFLEXBALL      ROM_DATA                        
_levelUp                              C:6101 REFLEXBALL      lexball_TEXT                    
_lives                                E:06D5 REFLEXBALL      FAR_BSS                         
_log                                  C:155D fpdumyl         CODE                            
_log10                                C:155D fpdumyl         CODE                            
_low_far_romdata                    00007691 (User Defined)
_low_farbss                         00000100 (User Defined)
_low_fardata                        00000763 (User Defined)
_low_near_romdata                   00000000 (User Defined)
_low_nearbss                        00000000 (User Defined)
_low_neardata                       00000000 (User Defined)
_main                                 C:2A31 MAIN            main_TEXT                       
_mediumAscii                          C:13E1 STARTSCREEN     ROM_DATA                        
_menuAscii                            C:1015 STARTSCREEN     ROM_DATA                        
_millis                               C:1B8E TIME            time_TEXT                       
_moveCursor                           C:24FA ANSI            ansi_TEXT                       
_moveStriker                          C:59F4 REFLEXBALL      lexball_TEXT                    
_moveVideoBuffer                      C:2834 LED             led_TEXT                        
_mscounter                            E:076D TIME            FAR_DATA                        
_near_heapbot                       000000EF (User Defined)
_near_heaptop                       000000FF (User Defined)
_near_stack                         000000FF (User Defined)
_newTime                              E:0771 TIME            FAR_DATA                        
_open_periphdevice                    C:155B zsldevinit      CODE                            
_pow                                  C:155D fpdumyl         CODE                            
_printAscii                           C:63F0 STARTSCREEN     tscreen_TEXT                    
_printAsciiXY                         C:648F STARTSCREEN     tscreen_TEXT                    
_printBallCoor                        C:38D4 REFLEXBALL      lexball_TEXT                    
_printFix                             C:2E7B MATH            math_TEXT                       
_printLevel                           C:317B REFLEXBALL      lexball_TEXT                    
_printLives                           C:31D0 REFLEXBALL      lexball_TEXT                    
_printMenu                            C:6551 STARTSCREEN     tscreen_TEXT                    
_printNumber                          C:2C56 MATH            math_TEXT                       
_printScore                           C:3222 REFLEXBALL      lexball_TEXT                    
_printTextCenter                      C:3504 REFLEXBALL      lexball_TEXT                    
_printTime                            C:1A30 TIME            time_TEXT                       
_printVector                          C:30CD MATH            math_TEXT                       
_printWindow                          C:2542 ANSI            ansi_TEXT                       
_pSecondString                        E:0128 LED             FAR_BSS                         
_pString                              E:012A LED             FAR_BSS                         
_putch                                C:757A PUTCH           putch_TEXT                      
_read_UART0                           C:7286 READUART0       aduart0_TEXT                    
_readADC                              C:6269 GAMEPORT        ameport_TEXT                    
_readButtons                          C:1C2A TIME            time_TEXT                       
_readkey                              C:1C68 TIME            time_TEXT                       
_readSteeringWheel                    C:62DC GAMEPORT        ameport_TEXT                    
_resetbgcolor                         C:1EEC ANSI            ansi_TEXT                       
_resetTime                            C:1A05 TIME            time_TEXT                       
_reverse                              C:205B ANSI            ansi_TEXT                       
_rotate                               C:2F5A MATH            math_TEXT                       
_runOnce                              E:0127 LED             FAR_BSS                         
_runOnceBuf                           E:06D7 REFLEXBALL      FAR_BSS                         
_saveCursor                           C:22B1 ANSI            ansi_TEXT                       
_score                                E:06D3 REFLEXBALL      FAR_BSS                         
_scrollAll                            C:3438 REFLEXBALL      lexball_TEXT                    
_scrollLevelUp                        C:336C REFLEXBALL      lexball_TEXT                    
_scrollLiveInGameLED                  C:32C0 REFLEXBALL      lexball_TEXT                    
_select_port                          C:66EE SIO             sio_TEXT                        
_setBallPos                           C:58B7 REFLEXBALL      lexball_TEXT                    
_showScoreLED                         C:3284 REFLEXBALL      lexball_TEXT                    
_sin                                  C:2EAE MATH            math_TEXT                       
_SIN                                  C:0240 LUT             ROM_DATA                        
_sinh                                 C:155D fpdumyl         CODE                            
_sqrt                                 C:155D fpdumyl         CODE                            
_startGame                            C:5D94 REFLEXBALL      lexball_TEXT                    
_stopGame                             C:5BB6 REFLEXBALL      lexball_TEXT                    
_striker                              E:013E REFLEXBALL      FAR_BSS                         
_strikerAngle                         E:06B9 REFLEXBALL      FAR_BSS                         
_stringLength                         E:0776 LED             FAR_DATA                        
_strlen                               C:2075 ANSI            ansi_TEXT                       
_strlen_rom                           C:63BB STARTSCREEN     tscreen_TEXT                    
_tan                                  C:155D fpdumyl         CODE                            
_tanh                                 C:155D fpdumyl         CODE                            
_time                                 E:0102 TIME            FAR_BSS                         
_timer0int                            C:1B46 TIME            time_TEXT                       
_timer1int                            C:1BA1 TIME            time_TEXT                       
_timer2int                            C:29C8 LED             led_TEXT                        
_titleAscii                           C:0AA0 STARTSCREEN     ROM_DATA                        
_underline                            C:2027 ANSI            ansi_TEXT                       
_updateGame                           C:5F6F REFLEXBALL      lexball_TEXT                    
_videoBuffer                          E:0109 LED             FAR_BSS                         
_window                               C:2313 ANSI            ansi_TEXT                       
_write_UART0                          C:75D7 WRITEUART0      teuart0_TEXT                    
_x1                                   E:06CE REFLEXBALL      FAR_BSS                         
_x2                                   E:06D0 REFLEXBALL      FAR_BSS                         
_y1                                   E:06CF REFLEXBALL      FAR_BSS                         
_y2                                   E:06D1 REFLEXBALL      FAR_BSS                         
_zsl_g_clock_xdefine                01194000 (User Defined)

297 external symbol(s).


START ADDRESS:
==============
(C:1994) set in module ..\..\src\boot\common\startupl.asm.

CALL GRAPH
==========
Depth Address    CF Function                       Calls Function
----- ---------- -- ------------------------------ --------------------------------
    1 R:20        0 _get_freq                      ->
    2 E:0100      0 _f__far_modf                   ->
    3 R:20        0 _n__floor                      ->
    4 R:20        0 _n___u_flt_rnd                 ->
    5 R:20        0 _n__far_modf                   ->
    6 R:20        0 _n__sqrt                       ->
    7 R:20        0 _n__near_modf                  ->
    8 E:0100      0 _f__atan                       ->
    9 E:0100      0 _f__pow                        ->
   10 R:20        0 _n__near_strtod                ->
   11 E:0100      0 _f__atan2                      ->
   12 R:20        0 _n__far_strtod                 ->
   13 E:0100      0 _f__far_strtod                 ->
   14 R:20        0 _n__atan                       ->
   15 E:0100      0 _f__log10                      ->
   16 E:0100      0 _f__log                        ->
   17 E:0100      0 _f__floor                      ->
   18 R:20        0 _n__exp                        ->
   19 E:0100      0 _f__fmod                       ->
   20 E:0100      0 _f__near_modf                  ->
   21 R:20        0 _n__tan                        ->
   22 E:0100      0 _f___u_flt_info                ->
   23 R:20        0 _n__atan2                      ->
   24 R:20        0 _n__near_atof                  ->
   25 E:0100      0 _f__far_atof                   ->
   26 R:20        0 _n__far_atof                   ->
   27 E:0100      0 _f__acos                       ->
   28 E:0100      0 _f__cosh                       ->
   29 R:20        0 _n___u_dtog                    ->
   30 R:20        0 _n___u_dtof                    ->
   31 R:20        0 _n___u_dtoe                    ->
   32 R:20        0 _n__cosh                       ->
   33 R:20        0 _n__sinh                       ->
   34 R:20        0 _n__acos                       ->
   35 E:0100      0 _f__far_frexp                  ->
   36 E:0100      0 _f__tan                        ->
   37 R:20        0 _n__ldexp                      ->
   38 E:0100      0 _f__tanh                       ->
   39 R:20        0 _n___u_flt_info                ->
   40 E:0100      0 _f__sinh                       ->
   41 E:0100      0 _f__near_frexp                 ->
   42 E:0100      0 _f__near_atof                  ->
   43 E:0100      0 _f___u__dtog                   ->
   44 E:0100      0 _f___u__dtof                   ->
   45 E:0100      0 _f___u__dtoe                   ->
   46 R:20        0 _n__tanh                       ->
   47 R:20        0 _n__near_frexp                 ->
   48 R:20        0 _n__far_frexp                  ->
   49 E:0100      0 _f__ldexp                      ->
   50 E:0100      0 _f__asin                       ->
   51 R:20        0 _n__fabs                       ->
   52 E:0100      0 _f__ceil                       ->
   53 R:20        0 _n__pow                        ->
   54 E:0100      0 _f__near_strtod                ->
   55 E:0100      0 _f__fabs                       ->
   56 R:20        0 _n__ceil                       ->
   57 R:20        0 _n__fmod                       ->
   58 R:20        0 _n__log10                      ->
   59 R:20        0 _n__asin                       ->
   60 E:0100      0 _f__sqrt                       ->
   61 E:0100      0 _f___u_flt_rnd                 ->
   62 R:20        0 _n__log                        ->
   63 E:0100      0 _f__exp                        ->


END OF LINK MAP:
================
0 Errors
0 Warnings
